hello world
Paresh Rahool@DESKTOP-NJN4IKI MINGW64 ~/Desktop/saylani ai and data science course
$ cd code

Paresh Rahool@DESKTOP-NJN4IKI MINGW64 ~/Desktop/saylani ai and data science course/code
$ git init
Initialized empty Git repository in C:/Users/Paresh Rahool/Desktop/saylani ai and data science course/code/.git/

Paresh Rahool@DESKTOP-NJN4IKI MINGW64 ~/Desktop/saylani ai and data science course/code (master)
$ git status
On branch master

No commits yet

Untracked files:
  (use "git add <file>..." to include in what will be committed)
        New Text Document.txt
        hello.txt

nothing added to commit but untracked files present (use "git add" to track)

Paresh Rahool@DESKTOP-NJN4IKI MINGW64 ~/Desktop/saylani ai and data science course/code (master)
$ git add demo.txt
fatal: pathspec 'demo.txt' did not match any files

Paresh Rahool@DESKTOP-NJN4IKI MINGW64 ~/Desktop/saylani ai and data science course/code (master)
$ git add hello.txt

Paresh Rahool@DESKTOP-NJN4IKI MINGW64 ~/Desktop/saylani ai and data science course/code (master)
$ git commit -m "commited a text file"
Author identity unknown

*** Please tell me who you are.

Run

  git config --global user.email "you@example.com"
  git config --global user.name "Your Name"

to set your account's default identity.
Omit --global to set the identity only in this repository.

fatal: unable to auto-detect email address (got 'Paresh Rahool@DESKTOP-NJN4IKI.(none)')

Paresh Rahool@DESKTOP-NJN4IKI MINGW64 ~/Desktop/saylani ai and data science course/code (master)
$ git config --global  user.name "Paresh Rahool"

Paresh Rahool@DESKTOP-NJN4IKI MINGW64 ~/Desktop/saylani ai and data science course/code (master)
$ git config --global user.email="pareshkhatri131@gmail.com"

Paresh Rahool@DESKTOP-NJN4IKI MINGW64 ~/Desktop/saylani ai and data science course/code (master)
$ git add hello.txt

Paresh Rahool@DESKTOP-NJN4IKI MINGW64 ~/Desktop/saylani ai and data science course/code (master)
$ git commit -m "commiting a text file"
Author identity unknown

*** Please tell me who you are.

Run

  git config --global user.email "you@example.com"
  git config --global user.name "Your Name"

to set your account's default identity.
Omit --global to set the identity only in this repository.

fatal: unable to auto-detect email address (got 'Paresh Rahool@DESKTOP-NJN4IKI.(none)')

Paresh Rahool@DESKTOP-NJN4IKI MINGW64 ~/Desktop/saylani ai and data science course/code (master)
$ git config --global user.email

Paresh Rahool@DESKTOP-NJN4IKI MINGW64 ~/Desktop/saylani ai and data science course/code (master)
$ git config --global user.email "pareshkhatri131@gmail.com'
> ^C

Paresh Rahool@DESKTOP-NJN4IKI MINGW64 ~/Desktop/saylani ai and data science course/code (master)
$ git config --global user.email "pareshkhatri131@gmail.com"

Paresh Rahool@DESKTOP-NJN4IKI MINGW64 ~/Desktop/saylani ai and data science course/code (master)
$ git config --global user.email
pareshkhatri131@gmail.com

Paresh Rahool@DESKTOP-NJN4IKI MINGW64 ~/Desktop/saylani ai and data science course/code (master)
$ git add hello.txt

Paresh Rahool@DESKTOP-NJN4IKI MINGW64 ~/Desktop/saylani ai and data science course/code (master)
$ git commit -m "commiting a text file"
[master (root-commit) 592871e] commiting a text file
 1 file changed, 1 insertion(+)
 create mode 100644 hello.txt

Paresh Rahool@DESKTOP-NJN4IKI MINGW64 ~/Desktop/saylani ai and data science course/code (master)
$ git config --global  user.name paresh131

Paresh Rahool@DESKTOP-NJN4IKI MINGW64 ~/Desktop/saylani ai and data science course/code (master)
$ git config --global user.name
paresh131

Paresh Rahool@DESKTOP-NJN4IKI MINGW64 ~/Desktop/saylani ai and data science course/code (master)
$ git config --global  user.email
pareshkhatri131@gmail.com

Paresh Rahool@DESKTOP-NJN4IKI MINGW64 ~/Desktop/saylani ai and data science course/code (master)
$ git init
Reinitialized existing Git repository in C:/Users/Paresh Rahool/Desktop/saylani ai and data science course/code/.git/

Paresh Rahool@DESKTOP-NJN4IKI MINGW64 ~/Desktop/saylani ai and data science course/code (master)
$ git add hello.txt

Paresh Rahool@DESKTOP-NJN4IKI MINGW64 ~/Desktop/saylani ai and data science course/code (master)
$ git commit -m "commiting a text file"
On branch master
Untracked files:
  (use "git add <file>..." to include in what will be committed)
        New Text Document.txt

nothing added to commit but untracked files present (use "git add" to track)

Paresh Rahool@DESKTOP-NJN4IKI MINGW64 ~/Desktop/saylani ai and data science course/code (master)
$ git remote add origin https://github.com/paresh131/text_demo.git

Paresh Rahool@DESKTOP-NJN4IKI MINGW64 ~/Desktop/saylani ai and data science course/code (master)
$ git push origin master
Enumerating objects: 3, done.
Counting objects: 100% (3/3), done.
Writing objects: 100% (3/3), 232 bytes | 232.00 KiB/s, done.
Total 3 (delta 0), reused 0 (delta 0), pack-reused 0
To https://github.com/paresh131/text_demo.git
 * [new branch]      master -> master

Paresh Rahool@DESKTOP-NJN4IKI MINGW64 ~/Desktop/saylani ai and data science course/code (master)
$ git config --global user.email
pareshkhatri131@gmail.com

Paresh Rahool@DESKTOP-NJN4IKI MINGW64 ~/Desktop/saylani ai and data science course/code (master)
$ git config --global user.email "dileep.khatri1998@gmail.com"

Paresh Rahool@DESKTOP-NJN4IKI MINGW64 ~/Desktop/saylani ai and data science course/code (master)
$ mkdir dileep.txt
mkdir: cannot create directory ‘dileep.txt’: File exists

Paresh Rahool@DESKTOP-NJN4IKI MINGW64 ~/Desktop/saylani ai and data science course/code (master)
$ mkdir dileep1.txt

Paresh Rahool@DESKTOP-NJN4IKI MINGW64 ~/Desktop/saylani ai and data science course/code (master)
$ touch dileep.txt

Paresh Rahool@DESKTOP-NJN4IKI MINGW64 ~/Desktop/saylani ai and data science course/code (master)
$ touch kumar.txt

Paresh Rahool@DESKTOP-NJN4IKI MINGW64 ~/Desktop/saylani ai and data science course/code (master)
$ git add kumar.txt

Paresh Rahool@DESKTOP-NJN4IKI MINGW64 ~/Desktop/saylani ai and data science course/code (master)
$ git commit -m "commiting a kumar file"
[master 81cd9ec] commiting a kumar file
 1 file changed, 0 insertions(+), 0 deletions(-)
 create mode 100644 kumar.txt

Paresh Rahool@DESKTOP-NJN4IKI MINGW64 ~/Desktop/saylani ai and data science course/code (master)
$ git config --global  user.email "pareshkhatri131@gmail.com"

Paresh Rahool@DESKTOP-NJN4IKI MINGW64 ~/Desktop/saylani ai and data science course/code (master)
$ git config --global  user.email
pareshkhatri131@gmail.com

Paresh Rahool@DESKTOP-NJN4IKI MINGW64 ~/Desktop/saylani ai and data science course/code (master)
$ git remote add origin https://github.com/paresh131/text_demo.git
error: remote origin already exists.

Paresh Rahool@DESKTOP-NJN4IKI MINGW64 ~/Desktop/saylani ai and data science course/code (master)
$ git push origin master
Enumerating objects: 4, done.
Counting objects: 100% (4/4), done.
Delta compression using up to 4 threads
Compressing objects: 100% (2/2), done.
Writing objects: 100% (3/3), 281 bytes | 281.00 KiB/s, done.
Total 3 (delta 0), reused 0 (delta 0), pack-reused 0
To https://github.com/paresh131/text_demo.git
   592871e..81cd9ec  master -> master

Paresh Rahool@DESKTOP-NJN4IKI MINGW64 ~/Desktop/saylani ai and data science course/code (master)
$ git config --global  user.username

Paresh Rahool@DESKTOP-NJN4IKI MINGW64 ~/Desktop/saylani ai and data science course/code (master)
$ git config --global  user.name
paresh131

Paresh Rahool@DESKTOP-NJN4IKI MINGW64 ~/Desktop/saylani ai and data science course/code (master)
$ git config --global  user.email
pareshkhatri131@gmail.com

Paresh Rahool@DESKTOP-NJN4IKI MINGW64 ~/Desktop/saylani ai and data science course/code (master)
$
